[originalES(Original read from dataset)] 30 4276028894166694872 [filteredES(Events indexed)] 30 8592007267816246823 [hitsData(Report traffic)] 10 beautix( 4.00) grattol( 1.00) jas( 1.00) jessnail( 1.00) kapous( 2.00) kerasys( 1.00) masura( 2.00) runail(11.00) shary( 2.00) staleks( 5.00) [amountData(Report amount)] 10 beautix(43.82) grattol( 6.27) jas(25.71) jessnail( 1.10) kapous( 4.51) kerasys( 1.87) masura( 3.46) runail(41.94) shary( 6.04) staleks(63.33)
